Microchip MPLAB XC8 Compiler V2.45

Linker command line:

-W-3 \
  --edf=/home/joe/.mchp_packs/Microchip/PIC18Fxxxx_DFP/1.6.159/xc8/pic/dat/20231017163449_en.msgs \
  -cn -h+dist/default/production/FINAL_PROJECT_TRANSMITTER.X.production.sym \
  --cmf=dist/default/production/FINAL_PROJECT_TRANSMITTER.X.production.cmf \
  -z -Q18F4331 -o/tmp/xcXeFNdlB/driver_tmp_3.o --defsym=__MPLAB_BUILD=1 \
  --fixupoverflow=error \
  -Mdist/default/production/FINAL_PROJECT_TRANSMITTER.X.production.map \
  --md=/tmp/xcXeFNdlB/driver_tmp_0.dat -E1 -ver=XC8 Compiler --acfsm=1493 \
  -ACODE=00h-01FFFh -ACONST=00h-01FFFh -ASMALLCONST=0300h-03FFhx29 \
  -AMEDIUMCONST=0300h-01FFFh -ACOMRAM=01h-05Fh -AABS1=00h-02FFh \
  -ABIGRAM=01h-02FFh -ARAM=060h-0FFh,0100h-01FFhx2 -ABANK0=060h-0FFh \
  -ABANK1=0100h-01FFh -ABANK2=0200h-02FFh -ASFR=0F60h-0FFFh \
  -ABIGSFR=0F60h-0FFFh -ACONFIG=0300000h-030000Dh -AIDLOC=0200000h-0200007h \
  -AEEDATA=0F00000h-0F000FFh -peeprom_data=EEDATA \
  -preset_vec=00h,intcode=08h,intcodelo,powerup,init -pramtop=0300h \
  -psmallconst=SMALLCONST -pmediumconst=MEDIUMCONST -pconst=CONST \
  -AFARRAM=00h-00h \
  -prdata=COMRAM,nvrram=COMRAM,nvbit=COMRAM,rbss=COMRAM,rbit=COMRAM \
  -pfarbss=FARRAM,fardata=FARRAM,nvFARRAM=FARRAM \
  -pintsave_regs=BIGRAM,bigbss=BIGRAM,bigdata=BIGRAM -pbss=RAM \
  -pidata=CODE,irdata=CODE,ibigdata=CODE,ifardata=CODE -prparam=COMRAM \
  /tmp/xcXeFNdlB/driver_tmp_9.o \
  dist/default/production/FINAL_PROJECT_TRANSMITTER.X.production.o 

Object code version is 3.11

Machine type is 18F4331



                Name                               Link     Load   Length Selector   Space Scale
/tmp/xcXeFNdlB/driver_tmp_9.o
                config                           300000   300000        E        0       4
                init                                 42       42        4        4       0
                reset_vec                             0        0        4        0       0
dist/default/production/FINAL_PROJECT_TRANSMITTER.X.production.o
                intcode                               8        8       3A        4       0
                config                           300000   300000        E        0       4
                temp                                 14       14        1        1       1
                smallconst                          300      300        2      180       0
                text4                               432      432       26      181       0
                text3                               3D4      3D4       30      181       0
                text2                               470      470        A      181       0
                text1                               458      458       18      181       0
                text0                               302      302       D2      181       0
                cstackCOMRAM                          1        1        A        1       1
                dataCOMRAM                           11       11        2        1       1
                bssCOMRAM                             B        B        6        1       1
                cinit                               404      404       2E      181       0
                nvCOMRAM                             13       13        1        1       1
                idataCOMRAM                         47A      47A        2      181       0

TOTAL           Name                               Link     Load   Length     Space
        CLASS   CODE           
                intcode                               8        8       3A         0
                init                                 42       42        4         0
                reset_vec                             0        0        4         0
                text4                               432      432       26         0
                text3                               3D4      3D4       30         0
                text2                               470      470        A         0
                text1                               458      458       18         0
                text0                               302      302       D2         0
                cinit                               404      404       2E         0
                idataCOMRAM                         47A      47A        2         0

        CLASS   CONST          

        CLASS   SMALLCONST     
                smallconst                          300      300        2         0

        CLASS   MEDIUMCONST    

        CLASS   COMRAM         
                temp                                 14       14        1         1
                cstackCOMRAM                          1        1        A         1
                dataCOMRAM                           11       11        2         1
                bssCOMRAM                             B        B        6         1
                nvCOMRAM                             13       13        1         1

        CLASS   ABS1           

        CLASS   BIGRAM         

        CLASS   RAM            

        CLASS   BANK0          

        CLASS   BANK1          

        CLASS   BANK2          

        CLASS   SFR            

        CLASS   BIGSFR         

        CLASS   CONFIG         
                config                           300000   300000        E         4

        CLASS   IDLOC          

        CLASS   EEDATA         

        CLASS   FARRAM         

        CLASS   HEAP           

        CLASS   STACK          



SEGMENTS        Name                           Load    Length   Top    Selector   Space  Class

                reset_vec                      000000  000004  000004         0       0  CODE    
                text0                          000302  00017A  00047C       181       0  CODE    
                cstackCOMRAM                   000001  000014  000015         1       1  COMRAM  
                intcode                        000008  00003E  000046         4       0  CODE    
                smallconst                     000300  000002  000302       180       0  SMALLCON


UNUSED ADDRESS RANGES

        Name                Unused          Largest block    Delta
        BANK0            000060-0000FF               A0
        BANK1            000100-0001FF              100
        BANK2            000200-0002FF              100
        BIGRAM           000015-0002FF              2EB
        BIGSFR           000F60-000FFF               A0
        CODE             000004-000007                4
                         000046-0002FF              2BA
                         00047C-001FFF             1B84
        COMRAM           000015-00005F               4B
        CONST            000004-000007                4
                         000046-0002FF              2BA
                         00047C-001FFF             1B84
        EEDATA           F00000-F000FF              100
        IDLOC            200000-200007                8
        MEDIUMCONST      00047C-001FFF             1B84
        RAM              000060-0002FF              100
        SFR              000F60-000FFF               A0
        SMALLCONST       00047C-001FFF              100

                                  Symbol Table

_ACONV                       (abs)        007E15
_ADCS0                       (abs)        007E00
_ADCS1                       (abs)        007E01
_ADCS2                       (abs)        007E02
_ADFM                        (abs)        007E07
_ADIE                        (abs)        007CEE
_ADIF                        (abs)        007CF6
_ADIP                        (abs)        007CFE
_ADON                        (abs)        007E10
_ADRESH                      (abs)        000FC4
_ADRESL                      (abs)        000FC3
_ANS4                        (abs)        007DC4
_CKE                         (abs)        007E3E
_CKP                         (abs)        007E34
_GASEL0                      (abs)        007CC8
_GASEL1                      (abs)        007CC9
_GIE                         (abs)        007F97
_GODONE                      (abs)        007E11
_IPEN                        (abs)        007E87
_IRCF0                       (abs)        007E9C
_IRCF1                       (abs)        007E9D
_IRCF2                       (abs)        007E9E
_PEIE                        (abs)        007F96
_RD0                         (abs)        007C18
_SMP                         (abs)        007E3F
_SSPBUF                      (abs)        000FC9
_SSPEN                       (abs)        007E35
_SSPIF                       (abs)        007CF3
_SSPM0                       (abs)        007E30
_SSPM1                       (abs)        007E31
_SSPM2                       (abs)        007E32
_SSPM3                       (abs)        007E33
_TRISC4                      (abs)        007CA4
_TRISC5                      (abs)        007CA5
_TRISC7                      (abs)        007CA7
_TRISD0                      (abs)        007CA8
_VCFG0                       (abs)        007E0E
_VCFG1                       (abs)        007E0F
__HRAM                       (abs)        000000
__H__absolute__              __absolute__ 000000
__Habs1                      abs1         000000
__Hbank0                     bank0        000000
__Hbank1                     bank1        000000
__Hbank2                     bank2        000000
__Hbigbss                    bigbss       000000
__Hbigdata                   bigdata      000000
__Hbigram                    bigram       000000
__Hbigsfr                    bigsfr       000000
__Hbss                       bss          000000
__HbssCOMRAM                 bssCOMRAM    000000
__Hcinit                     cinit        000000
__Hclrtext                   clrtext      000000
__Hcomram                    comram       000000
__Hconfig                    config       30000E
__Hconst                     const        000000
__HcstackCOMRAM              cstackCOMRAM 000000
__Hdata                      data         000000
__HdataCOMRAM                dataCOMRAM   000000
__Heeprom_data               eeprom_data  000000
__Hfarbss                    farbss       000000
__Hfardata                   fardata      000000
__Hheap                      heap         000000
__Hibigdata                  ibigdata     000000
__Hidata                     idata        000000
__HidataCOMRAM               idataCOMRAM  000000
__Hidloc                     idloc        000000
__Hifardata                  ifardata     000000
__Hinit                      init         000046
__Hintcode                   intcode      000042
__Hintcode_body              intcode_body 000000
__Hintcodelo                 intcodelo    000042
__Hintentry                  intentry     000000
__Hintret                    intret       000000
__Hintsave_regs              intsave_regs 000000
__Hirdata                    irdata       000000
__Hmediumconst               mediumconst  000000
__HnvCOMRAM                  nvCOMRAM     000000
__HnvFARRAM                  nvFARRAM     000000
__Hnvbit                     nvbit        000000
__Hnvrram                    nvrram       000000
__Hparam                     rparam       000000
__Hpowerup                   powerup      000042
__Hram                       ram          000000
__Hramtop                    ramtop       000300
__Hrbit                      rbit         000000
__Hrbss                      rbss         000000
__Hrdata                     rdata        000000
__Hreset_vec                 reset_vec    000004
__Hrparam                    rparam       000000
__Hsfr                       sfr          000000
__Hsmallconst                smallconst   000302
__Hspace_0                   (abs)        00047C
__Hspace_1                   (abs)        000015
__Hspace_2                   (abs)        000000
__Hspace_4                   (abs)        60000E
__Hstack                     stack        000000
__Hstruct                    struct       000000
__Htemp                      temp         000015
__Htext                      text         000000
__Htext0                     text0        000000
__Htext1                     text1        000000
__Htext2                     text2        000000
__Htext3                     text3        000000
__Htext4                     text4        000000
__LRAM                       (abs)        000001
__L__absolute__              __absolute__ 000000
__Labs1                      abs1         000000
__Lbank0                     bank0        000000
__Lbank1                     bank1        000000
__Lbank2                     bank2        000000
__Lbigbss                    bigbss       000000
__Lbigdata                   bigdata      000000
__Lbigram                    bigram       000000
__Lbigsfr                    bigsfr       000000
__Lbss                       bss          000000
__LbssCOMRAM                 bssCOMRAM    000000
__Lcinit                     cinit        000000
__Lclrtext                   clrtext      000000
__Lcomram                    comram       000000
__Lconfig                    config       000000
__Lconst                     const        000000
__LcstackCOMRAM              cstackCOMRAM 000000
__Ldata                      data         000000
__LdataCOMRAM                dataCOMRAM   000000
__Leeprom_data               eeprom_data  000000
__Lfarbss                    farbss       000000
__Lfardata                   fardata      000000
__Lheap                      heap         000000
__Libigdata                  ibigdata     000000
__Lidata                     idata        000000
__LidataCOMRAM               idataCOMRAM  000000
__Lidloc                     idloc        000000
__Lifardata                  ifardata     000000
__Linit                      init         000042
__Lintcode                   intcode      000008
__Lintcode_body              intcode_body 000000
__Lintcodelo                 intcodelo    000042
__Lintentry                  intentry     000000
__Lintret                    intret       000000
__Lintsave_regs              intsave_regs 000000
__Lirdata                    irdata       000000
__Lmediumconst               mediumconst  000000
__LnvCOMRAM                  nvCOMRAM     000000
__LnvFARRAM                  nvFARRAM     000000
__Lnvbit                     nvbit        000000
__Lnvrram                    nvrram       000000
__Lparam                     rparam       000000
__Lpowerup                   powerup      000042
__Lram                       ram          000000
__Lramtop                    ramtop       000300
__Lrbit                      rbit         000000
__Lrbss                      rbss         000000
__Lrdata                     rdata        000000
__Lreset_vec                 reset_vec    000000
__Lrparam                    rparam       000000
__Lsfr                       sfr          000000
__Lsmallconst                smallconst   000300
__Lspace_0                   (abs)        000000
__Lspace_1                   (abs)        000000
__Lspace_2                   (abs)        000000
__Lspace_4                   (abs)        000000
__Lstack                     stack        000000
__Lstruct                    struct       000000
__Ltemp                      temp         000014
__Ltext                      text         000000
__Ltext0                     text0        000000
__Ltext1                     text1        000000
__Ltext2                     text2        000000
__Ltext3                     text3        000000
__Ltext4                     text4        000000
__S0                         (abs)        00047C
__S1                         (abs)        000015
__S4                         (abs)        000000
__S5                         (abs)        000000
___heap_hi                   (abs)        000000
___heap_lo                   (abs)        000000
___inthi_sp                  stack        000000
___inthi_stack_hi            stack        000000
___inthi_stack_lo            stack        000000
___intlo_sp                  stack        000000
___intlo_stack_hi            stack        000000
___intlo_stack_lo            stack        000000
___param_bank                (abs)        000000
___rparam_used               (abs)        000001
___sp                        stack        000000
___stack_hi                  stack        000000
___stack_lo                  stack        000000
__accesstop                  (abs)        000060
__activetblptr               (abs)        000000
__end_of__initialization     cinit        000428
__end_of_adc_init            text4        000458
__end_of_delay               text3        000404
__end_of_h_isr               intcode      000042
__end_of_main                text0        0003D4
__end_of_message_transmitted text2        00047A
__end_of_spi_master_init     text1        000470
__initialization             cinit        000404
__mediumconst                mediumconst  000000
__pbssCOMRAM                 bssCOMRAM    00000B
__pcinit                     cinit        000404
__pcstackCOMRAM              cstackCOMRAM 000001
__pdataCOMRAM                dataCOMRAM   000011
__pidataCOMRAM               idataCOMRAM  00047A
__pintcode                   intcode      000008
__pnvCOMRAM                  nvCOMRAM     000013
__psmallconst                smallconst   000300
__ptext0                     text0        000302
__ptext1                     text1        000458
__ptext2                     text2        000470
__ptext3                     text3        0003D4
__ptext4                     text4        000432
__ramtop                     ramtop       000300
__smallconst                 smallconst   000300
_adc_hib_flag                bssCOMRAM    00000D
_adc_init                    text4        000432
_adc_lob_flag                bssCOMRAM    00000E
_adc_res_hi                  bssCOMRAM    000010
_adc_res_lo                  bssCOMRAM    00000F
_delay                       text3        0003D4
_drive_dir                   nvCOMRAM     000013
_drive_dir_flag              bssCOMRAM    00000C
_h_isr                       intcode      000008
_main                        text0        000302
_message_start               dataCOMRAM   000012
_message_start_flag          bssCOMRAM    00000B
_message_transmitted         text2        000470
_send_message                dataCOMRAM   000011
_spi_master_init             text1        000458
btemp                        temp         000014
delay@end                    cstackCOMRAM 000001
delay@i                      cstackCOMRAM 000004
end_of_initialization        cinit        000428
int$flags                    temp         000014
intlevel0                    text         000000
intlevel1                    text         000000
intlevel2                    text         000000
intlevel3                    text         000000
isa$std                      (abs)        000001
isa$xinst                    (abs)        000000
stackhi                      (abs)        000000
stacklo                      (abs)        000000
start                        init         000042
start_initialization         cinit        000404
ttemp5                       temp         000015
ttemp6                       temp         000018
ttemp7                       temp         00001C
wtemp8                       temp         000015


MODULE INFORMATION

Module		Function		Class		Link	Load	Size
transmitter_main.c
		_delay         		CODE           	03D4	0000	48
		_h_isr         		CODE           	0008	0000	58
		_main          		CODE           	0302	0000	210
		_message_transmitted		CODE           	0470	0000	10

transmitter_main.c estimated size: 326

adc.c
		_adc_init      		CODE           	0432	0000	38

adc.c estimated size: 38

spi.c
		_spi_master_init		CODE           	0458	0000	24

spi.c estimated size: 24

shared
		__initialization		CODE           	0404	0000	36

shared estimated size: 36

